---
source: workspace/query_plan_alt/src/model.rs
expression: actual
---
Parallel(
    [
        Fetch(
            Fetch {
                arguments: [],
                directives: [],
                selection_set: SelectionSet(
                    [
                        Field {
                            name: "name",
                            alias: None,
                            selections: SelectionSet(
                                [],
                            ),
                            arguments: [],
                            directives: [],
                            is_hidden: false,
                            graph: [],
                            join_field: [],
                            field_type: None,
                            parent_type: None,
                        },
                    ],
                ),
                representations: None,
                type_name: TypeName(
                    "String",
                ),
                service: Some(
                    Graph(
                        "PRODUCTS",
                    ),
                ),
            },
        ),
        Fetch(
            Fetch {
                arguments: [],
                directives: [],
                selection_set: SelectionSet(
                    [
                        Field {
                            name: "url",
                            alias: None,
                            selections: SelectionSet(
                                [],
                            ),
                            arguments: [],
                            directives: [],
                            is_hidden: false,
                            graph: [],
                            join_field: [],
                            field_type: None,
                            parent_type: None,
                        },
                    ],
                ),
                representations: None,
                type_name: TypeName(
                    "String",
                ),
                service: Some(
                    Graph(
                        "REVIEWS",
                    ),
                ),
            },
        ),
        Fetch(
            Fetch {
                arguments: [],
                directives: [],
                selection_set: SelectionSet(
                    [
                        Field {
                            name: "body",
                            alias: None,
                            selections: SelectionSet(
                                [],
                            ),
                            arguments: [],
                            directives: [],
                            is_hidden: false,
                            graph: [],
                            join_field: [],
                            field_type: None,
                            parent_type: None,
                        },
                    ],
                ),
                representations: None,
                type_name: TypeName(
                    "String",
                ),
                service: Some(
                    Graph(
                        "REVIEWS",
                    ),
                ),
            },
        ),
    ],
)
