---
source: blueprint/src/index.rs
expression: index
---
Index {
    map: {
        "Picture": (
            Object(
                ObjectTypeDefinition {
                    name: "Picture",
                    fields: [
                        FieldDefinition {
                            name: "url",
                            args: [],
                            of_type: Named {
                                name: "String",
                                required: true,
                            },
                            directives: [],
                            description: None,
                            join_fields: [],
                        },
                        FieldDefinition {
                            name: "width",
                            args: [],
                            of_type: Named {
                                name: "Int",
                                required: true,
                            },
                            directives: [],
                            description: None,
                            join_fields: [],
                        },
                        FieldDefinition {
                            name: "height",
                            args: [],
                            of_type: Named {
                                name: "Int",
                                required: true,
                            },
                            directives: [],
                            description: None,
                            join_fields: [],
                        },
                        FieldDefinition {
                            name: "altText",
                            args: [],
                            of_type: Named {
                                name: "String",
                                required: true,
                            },
                            directives: [
                                Directive {
                                    name: "inaccessible",
                                    arguments: Object {},
                                },
                                Directive {
                                    name: "join__field",
                                    arguments: Object {
                                        "graph": String("REVIEWS"),
                                    },
                                },
                            ],
                            description: None,
                            join_fields: [
                                JoinField {
                                    graph: Some(
                                        Graph(
                                            "REVIEWS",
                                        ),
                                    ),
                                    requires: None,
                                    provides: None,
                                    type: None,
                                    external: None,
                                    override: None,
                                    used_overridden: None,
                                },
                            ],
                        },
                    ],
                    description: None,
                    implements: {},
                    join_types: [
                        JoinType {
                            graph: Graph(
                                "ACCOUNTS",
                            ),
                            key: None,
                            extension: true,
                            resolvable: true,
                            is_interface_object: true,
                        },
                        JoinType {
                            graph: Graph(
                                "REVIEWS",
                            ),
                            key: None,
                            extension: true,
                            resolvable: true,
                            is_interface_object: true,
                        },
                    ],
                    join_implements: [],
                },
            ),
            {
                "url": Field(
                    (
                        FieldDefinition {
                            name: "url",
                            args: [],
                            of_type: Named {
                                name: "String",
                                required: true,
                            },
                            directives: [],
                            description: None,
                            join_fields: [],
                        },
                        {},
                    ),
                ),
                "width": Field(
                    (
                        FieldDefinition {
                            name: "width",
                            args: [],
                            of_type: Named {
                                name: "Int",
                                required: true,
                            },
                            directives: [],
                            description: None,
                            join_fields: [],
                        },
                        {},
                    ),
                ),
                "height": Field(
                    (
                        FieldDefinition {
                            name: "height",
                            args: [],
                            of_type: Named {
                                name: "Int",
                                required: true,
                            },
                            directives: [],
                            description: None,
                            join_fields: [],
                        },
                        {},
                    ),
                ),
                "altText": Field(
                    (
                        FieldDefinition {
                            name: "altText",
                            args: [],
                            of_type: Named {
                                name: "String",
                                required: true,
                            },
                            directives: [
                                Directive {
                                    name: "inaccessible",
                                    arguments: Object {},
                                },
                                Directive {
                                    name: "join__field",
                                    arguments: Object {
                                        "graph": String("REVIEWS"),
                                    },
                                },
                            ],
                            description: None,
                            join_fields: [
                                JoinField {
                                    graph: Some(
                                        Graph(
                                            "REVIEWS",
                                        ),
                                    ),
                                    requires: None,
                                    provides: None,
                                    type: None,
                                    external: None,
                                    override: None,
                                    used_overridden: None,
                                },
                            ],
                        },
                        {},
                    ),
                ),
            },
        ),
        "Product": (
            Object(
                ObjectTypeDefinition {
                    name: "Product",
                    fields: [
                        FieldDefinition {
                            name: "upc",
                            args: [],
                            of_type: Named {
                                name: "String",
                                required: true,
                            },
                            directives: [],
                            description: None,
                            join_fields: [],
                        },
                        FieldDefinition {
                            name: "name",
                            args: [],
                            of_type: Named {
                                name: "String",
                                required: true,
                            },
                            directives: [
                                Directive {
                                    name: "join__field",
                                    arguments: Object {
                                        "graph": String("PRODUCTS"),
                                    },
                                },
                            ],
                            description: None,
                            join_fields: [
                                JoinField {
                                    graph: Some(
                                        Graph(
                                            "PRODUCTS",
                                        ),
                                    ),
                                    requires: None,
                                    provides: None,
                                    type: None,
                                    external: None,
                                    override: None,
                                    used_overridden: None,
                                },
                            ],
                        },
                        FieldDefinition {
                            name: "price",
                            args: [],
                            of_type: Named {
                                name: "Int",
                                required: true,
                            },
                            directives: [
                                Directive {
                                    name: "join__field",
                                    arguments: Object {
                                        "graph": String("PRODUCTS"),
                                    },
                                },
                                Directive {
                                    name: "join__field",
                                    arguments: Object {
                                        "external": Bool(true),
                                        "graph": String("REVIEWS"),
                                    },
                                },
                            ],
                            description: None,
                            join_fields: [
                                JoinField {
                                    graph: Some(
                                        Graph(
                                            "PRODUCTS",
                                        ),
                                    ),
                                    requires: None,
                                    provides: None,
                                    type: None,
                                    external: None,
                                    override: None,
                                    used_overridden: None,
                                },
                                JoinField {
                                    graph: Some(
                                        Graph(
                                            "REVIEWS",
                                        ),
                                    ),
                                    requires: None,
                                    provides: None,
                                    type: None,
                                    external: Some(
                                        true,
                                    ),
                                    override: None,
                                    used_overridden: None,
                                },
                            ],
                        },
                        FieldDefinition {
                            name: "reviews",
                            args: [],
                            of_type: List {
                                of_type: Named {
                                    name: "Review",
                                    required: true,
                                },
                                non_null: true,
                            },
                            directives: [
                                Directive {
                                    name: "join__field",
                                    arguments: Object {
                                        "graph": String("REVIEWS"),
                                    },
                                },
                            ],
                            description: None,
                            join_fields: [
                                JoinField {
                                    graph: Some(
                                        Graph(
                                            "REVIEWS",
                                        ),
                                    ),
                                    requires: None,
                                    provides: None,
                                    type: None,
                                    external: None,
                                    override: None,
                                    used_overridden: None,
                                },
                            ],
                        },
                    ],
                    description: None,
                    implements: {},
                    join_types: [
                        JoinType {
                            graph: Graph(
                                "PRODUCTS",
                            ),
                            key: Some(
                                "upc",
                            ),
                            extension: true,
                            resolvable: true,
                            is_interface_object: true,
                        },
                        JoinType {
                            graph: Graph(
                                "REVIEWS",
                            ),
                            key: Some(
                                "upc",
                            ),
                            extension: true,
                            resolvable: true,
                            is_interface_object: true,
                        },
                    ],
                    join_implements: [],
                },
            ),
            {
                "upc": Field(
                    (
                        FieldDefinition {
                            name: "upc",
                            args: [],
                            of_type: Named {
                                name: "String",
                                required: true,
                            },
                            directives: [],
                            description: None,
                            join_fields: [],
                        },
                        {},
                    ),
                ),
                "name": Field(
                    (
                        FieldDefinition {
                            name: "name",
                            args: [],
                            of_type: Named {
                                name: "String",
                                required: true,
                            },
                            directives: [
                                Directive {
                                    name: "join__field",
                                    arguments: Object {
                                        "graph": String("PRODUCTS"),
                                    },
                                },
                            ],
                            description: None,
                            join_fields: [
                                JoinField {
                                    graph: Some(
                                        Graph(
                                            "PRODUCTS",
                                        ),
                                    ),
                                    requires: None,
                                    provides: None,
                                    type: None,
                                    external: None,
                                    override: None,
                                    used_overridden: None,
                                },
                            ],
                        },
                        {},
                    ),
                ),
                "price": Field(
                    (
                        FieldDefinition {
                            name: "price",
                            args: [],
                            of_type: Named {
                                name: "Int",
                                required: true,
                            },
                            directives: [
                                Directive {
                                    name: "join__field",
                                    arguments: Object {
                                        "graph": String("PRODUCTS"),
                                    },
                                },
                                Directive {
                                    name: "join__field",
                                    arguments: Object {
                                        "external": Bool(true),
                                        "graph": String("REVIEWS"),
                                    },
                                },
                            ],
                            description: None,
                            join_fields: [
                                JoinField {
                                    graph: Some(
                                        Graph(
                                            "PRODUCTS",
                                        ),
                                    ),
                                    requires: None,
                                    provides: None,
                                    type: None,
                                    external: None,
                                    override: None,
                                    used_overridden: None,
                                },
                                JoinField {
                                    graph: Some(
                                        Graph(
                                            "REVIEWS",
                                        ),
                                    ),
                                    requires: None,
                                    provides: None,
                                    type: None,
                                    external: Some(
                                        true,
                                    ),
                                    override: None,
                                    used_overridden: None,
                                },
                            ],
                        },
                        {},
                    ),
                ),
                "reviews": Field(
                    (
                        FieldDefinition {
                            name: "reviews",
                            args: [],
                            of_type: List {
                                of_type: Named {
                                    name: "Review",
                                    required: true,
                                },
                                non_null: true,
                            },
                            directives: [
                                Directive {
                                    name: "join__field",
                                    arguments: Object {
                                        "graph": String("REVIEWS"),
                                    },
                                },
                            ],
                            description: None,
                            join_fields: [
                                JoinField {
                                    graph: Some(
                                        Graph(
                                            "REVIEWS",
                                        ),
                                    ),
                                    requires: None,
                                    provides: None,
                                    type: None,
                                    external: None,
                                    override: None,
                                    used_overridden: None,
                                },
                            ],
                        },
                        {},
                    ),
                ),
            },
        ),
        "Query": (
            Object(
                ObjectTypeDefinition {
                    name: "Query",
                    fields: [
                        FieldDefinition {
                            name: "me",
                            args: [],
                            of_type: Named {
                                name: "User",
                                required: true,
                            },
                            directives: [
                                Directive {
                                    name: "join__field",
                                    arguments: Object {
                                        "graph": String("ACCOUNTS"),
                                    },
                                },
                            ],
                            description: None,
                            join_fields: [
                                JoinField {
                                    graph: Some(
                                        Graph(
                                            "ACCOUNTS",
                                        ),
                                    ),
                                    requires: None,
                                    provides: None,
                                    type: None,
                                    external: None,
                                    override: None,
                                    used_overridden: None,
                                },
                            ],
                        },
                        FieldDefinition {
                            name: "topProducts",
                            args: [],
                            of_type: List {
                                of_type: Named {
                                    name: "Product",
                                    required: true,
                                },
                                non_null: true,
                            },
                            directives: [
                                Directive {
                                    name: "join__field",
                                    arguments: Object {
                                        "graph": String("PRODUCTS"),
                                    },
                                },
                            ],
                            description: None,
                            join_fields: [
                                JoinField {
                                    graph: Some(
                                        Graph(
                                            "PRODUCTS",
                                        ),
                                    ),
                                    requires: None,
                                    provides: None,
                                    type: None,
                                    external: None,
                                    override: None,
                                    used_overridden: None,
                                },
                            ],
                        },
                    ],
                    description: None,
                    implements: {},
                    join_types: [
                        JoinType {
                            graph: Graph(
                                "ACCOUNTS",
                            ),
                            key: None,
                            extension: true,
                            resolvable: true,
                            is_interface_object: true,
                        },
                        JoinType {
                            graph: Graph(
                                "PRODUCTS",
                            ),
                            key: None,
                            extension: true,
                            resolvable: true,
                            is_interface_object: true,
                        },
                        JoinType {
                            graph: Graph(
                                "REVIEWS",
                            ),
                            key: None,
                            extension: true,
                            resolvable: true,
                            is_interface_object: true,
                        },
                    ],
                    join_implements: [],
                },
            ),
            {
                "me": Field(
                    (
                        FieldDefinition {
                            name: "me",
                            args: [],
                            of_type: Named {
                                name: "User",
                                required: true,
                            },
                            directives: [
                                Directive {
                                    name: "join__field",
                                    arguments: Object {
                                        "graph": String("ACCOUNTS"),
                                    },
                                },
                            ],
                            description: None,
                            join_fields: [
                                JoinField {
                                    graph: Some(
                                        Graph(
                                            "ACCOUNTS",
                                        ),
                                    ),
                                    requires: None,
                                    provides: None,
                                    type: None,
                                    external: None,
                                    override: None,
                                    used_overridden: None,
                                },
                            ],
                        },
                        {},
                    ),
                ),
                "topProducts": Field(
                    (
                        FieldDefinition {
                            name: "topProducts",
                            args: [],
                            of_type: List {
                                of_type: Named {
                                    name: "Product",
                                    required: true,
                                },
                                non_null: true,
                            },
                            directives: [
                                Directive {
                                    name: "join__field",
                                    arguments: Object {
                                        "graph": String("PRODUCTS"),
                                    },
                                },
                            ],
                            description: None,
                            join_fields: [
                                JoinField {
                                    graph: Some(
                                        Graph(
                                            "PRODUCTS",
                                        ),
                                    ),
                                    requires: None,
                                    provides: None,
                                    type: None,
                                    external: None,
                                    override: None,
                                    used_overridden: None,
                                },
                            ],
                        },
                        {},
                    ),
                ),
            },
        ),
        "Review": (
            Object(
                ObjectTypeDefinition {
                    name: "Review",
                    fields: [
                        FieldDefinition {
                            name: "id",
                            args: [],
                            of_type: Named {
                                name: "ID",
                                required: true,
                            },
                            directives: [],
                            description: None,
                            join_fields: [],
                        },
                        FieldDefinition {
                            name: "body",
                            args: [],
                            of_type: Named {
                                name: "String",
                                required: true,
                            },
                            directives: [],
                            description: None,
                            join_fields: [],
                        },
                        FieldDefinition {
                            name: "pictures",
                            args: [],
                            of_type: List {
                                of_type: Named {
                                    name: "Picture",
                                    required: true,
                                },
                                non_null: true,
                            },
                            directives: [],
                            description: None,
                            join_fields: [],
                        },
                        FieldDefinition {
                            name: "product",
                            args: [],
                            of_type: Named {
                                name: "Product",
                                required: true,
                            },
                            directives: [
                                Directive {
                                    name: "join__field",
                                    arguments: Object {
                                        "graph": String("REVIEWS"),
                                        "provides": String("price"),
                                    },
                                },
                            ],
                            description: None,
                            join_fields: [
                                JoinField {
                                    graph: Some(
                                        Graph(
                                            "REVIEWS",
                                        ),
                                    ),
                                    requires: None,
                                    provides: Some(
                                        "price",
                                    ),
                                    type: None,
                                    external: None,
                                    override: None,
                                    used_overridden: None,
                                },
                            ],
                        },
                        FieldDefinition {
                            name: "author",
                            args: [],
                            of_type: Named {
                                name: "User",
                                required: true,
                            },
                            directives: [],
                            description: None,
                            join_fields: [],
                        },
                    ],
                    description: None,
                    implements: {},
                    join_types: [
                        JoinType {
                            graph: Graph(
                                "REVIEWS",
                            ),
                            key: None,
                            extension: true,
                            resolvable: true,
                            is_interface_object: true,
                        },
                    ],
                    join_implements: [],
                },
            ),
            {
                "id": Field(
                    (
                        FieldDefinition {
                            name: "id",
                            args: [],
                            of_type: Named {
                                name: "ID",
                                required: true,
                            },
                            directives: [],
                            description: None,
                            join_fields: [],
                        },
                        {},
                    ),
                ),
                "body": Field(
                    (
                        FieldDefinition {
                            name: "body",
                            args: [],
                            of_type: Named {
                                name: "String",
                                required: true,
                            },
                            directives: [],
                            description: None,
                            join_fields: [],
                        },
                        {},
                    ),
                ),
                "pictures": Field(
                    (
                        FieldDefinition {
                            name: "pictures",
                            args: [],
                            of_type: List {
                                of_type: Named {
                                    name: "Picture",
                                    required: true,
                                },
                                non_null: true,
                            },
                            directives: [],
                            description: None,
                            join_fields: [],
                        },
                        {},
                    ),
                ),
                "product": Field(
                    (
                        FieldDefinition {
                            name: "product",
                            args: [],
                            of_type: Named {
                                name: "Product",
                                required: true,
                            },
                            directives: [
                                Directive {
                                    name: "join__field",
                                    arguments: Object {
                                        "graph": String("REVIEWS"),
                                        "provides": String("price"),
                                    },
                                },
                            ],
                            description: None,
                            join_fields: [
                                JoinField {
                                    graph: Some(
                                        Graph(
                                            "REVIEWS",
                                        ),
                                    ),
                                    requires: None,
                                    provides: Some(
                                        "price",
                                    ),
                                    type: None,
                                    external: None,
                                    override: None,
                                    used_overridden: None,
                                },
                            ],
                        },
                        {},
                    ),
                ),
                "author": Field(
                    (
                        FieldDefinition {
                            name: "author",
                            args: [],
                            of_type: Named {
                                name: "User",
                                required: true,
                            },
                            directives: [],
                            description: None,
                            join_fields: [],
                        },
                        {},
                    ),
                ),
            },
        ),
        "Trustworthiness": (
            Enum(
                EnumTypeDefinition {
                    name: "Trustworthiness",
                    directives: [
                        Directive {
                            name: "join__type",
                            arguments: Object {
                                "graph": String("REVIEWS"),
                            },
                        },
                    ],
                    description: None,
                    enum_values: [
                        EnumValueDefinition {
                            description: None,
                            name: "REALLY_TRUSTED",
                            directives: [
                                Directive {
                                    name: "join__enumValue",
                                    arguments: Object {
                                        "graph": String("REVIEWS"),
                                    },
                                },
                            ],
                            join_enums: [
                                JoinEnum {
                                    graph: Graph(
                                        "REVIEWS",
                                    ),
                                },
                            ],
                        },
                        EnumValueDefinition {
                            description: None,
                            name: "KINDA_TRUSTED",
                            directives: [
                                Directive {
                                    name: "join__enumValue",
                                    arguments: Object {
                                        "graph": String("REVIEWS"),
                                    },
                                },
                            ],
                            join_enums: [
                                JoinEnum {
                                    graph: Graph(
                                        "REVIEWS",
                                    ),
                                },
                            ],
                        },
                        EnumValueDefinition {
                            description: None,
                            name: "NOT_TRUSTED",
                            directives: [
                                Directive {
                                    name: "join__enumValue",
                                    arguments: Object {
                                        "graph": String("REVIEWS"),
                                    },
                                },
                            ],
                            join_enums: [
                                JoinEnum {
                                    graph: Graph(
                                        "REVIEWS",
                                    ),
                                },
                            ],
                        },
                    ],
                    join_types: [
                        JoinType {
                            graph: Graph(
                                "REVIEWS",
                            ),
                            key: None,
                            extension: true,
                            resolvable: true,
                            is_interface_object: true,
                        },
                    ],
                },
            ),
            {},
        ),
        "User": (
            Object(
                ObjectTypeDefinition {
                    name: "User",
                    fields: [
                        FieldDefinition {
                            name: "id",
                            args: [],
                            of_type: Named {
                                name: "ID",
                                required: true,
                            },
                            directives: [],
                            description: None,
                            join_fields: [],
                        },
                        FieldDefinition {
                            name: "username",
                            args: [],
                            of_type: Named {
                                name: "String",
                                required: true,
                            },
                            directives: [
                                Directive {
                                    name: "join__field",
                                    arguments: Object {
                                        "graph": String("ACCOUNTS"),
                                    },
                                },
                            ],
                            description: None,
                            join_fields: [
                                JoinField {
                                    graph: Some(
                                        Graph(
                                            "ACCOUNTS",
                                        ),
                                    ),
                                    requires: None,
                                    provides: None,
                                    type: None,
                                    external: None,
                                    override: None,
                                    used_overridden: None,
                                },
                            ],
                        },
                        FieldDefinition {
                            name: "profilePicture",
                            args: [],
                            of_type: Named {
                                name: "Picture",
                                required: false,
                            },
                            directives: [
                                Directive {
                                    name: "join__field",
                                    arguments: Object {
                                        "graph": String("ACCOUNTS"),
                                    },
                                },
                            ],
                            description: None,
                            join_fields: [
                                JoinField {
                                    graph: Some(
                                        Graph(
                                            "ACCOUNTS",
                                        ),
                                    ),
                                    requires: None,
                                    provides: None,
                                    type: None,
                                    external: None,
                                    override: None,
                                    used_overridden: None,
                                },
                            ],
                        },
                        FieldDefinition {
                            name: "reviewCount",
                            args: [],
                            of_type: Named {
                                name: "Int",
                                required: true,
                            },
                            directives: [
                                Directive {
                                    name: "join__field",
                                    arguments: Object {
                                        "graph": String("REVIEWS"),
                                        "override": String("accounts"),
                                    },
                                },
                            ],
                            description: Some(
                                "This used to be part of this subgraph, but is now being overridden from\n`reviews`",
                            ),
                            join_fields: [
                                JoinField {
                                    graph: Some(
                                        Graph(
                                            "REVIEWS",
                                        ),
                                    ),
                                    requires: None,
                                    provides: None,
                                    type: None,
                                    external: None,
                                    override: Some(
                                        "accounts",
                                    ),
                                    used_overridden: None,
                                },
                            ],
                        },
                        FieldDefinition {
                            name: "joinedTimestamp",
                            args: [],
                            of_type: Named {
                                name: "Int",
                                required: true,
                            },
                            directives: [
                                Directive {
                                    name: "join__field",
                                    arguments: Object {
                                        "graph": String("ACCOUNTS"),
                                    },
                                },
                                Directive {
                                    name: "join__field",
                                    arguments: Object {
                                        "external": Bool(true),
                                        "graph": String("REVIEWS"),
                                    },
                                },
                            ],
                            description: None,
                            join_fields: [
                                JoinField {
                                    graph: Some(
                                        Graph(
                                            "ACCOUNTS",
                                        ),
                                    ),
                                    requires: None,
                                    provides: None,
                                    type: None,
                                    external: None,
                                    override: None,
                                    used_overridden: None,
                                },
                                JoinField {
                                    graph: Some(
                                        Graph(
                                            "REVIEWS",
                                        ),
                                    ),
                                    requires: None,
                                    provides: None,
                                    type: None,
                                    external: Some(
                                        true,
                                    ),
                                    override: None,
                                    used_overridden: None,
                                },
                            ],
                        },
                        FieldDefinition {
                            name: "reviews",
                            args: [],
                            of_type: List {
                                of_type: Named {
                                    name: "Review",
                                    required: true,
                                },
                                non_null: true,
                            },
                            directives: [
                                Directive {
                                    name: "join__field",
                                    arguments: Object {
                                        "graph": String("REVIEWS"),
                                    },
                                },
                            ],
                            description: None,
                            join_fields: [
                                JoinField {
                                    graph: Some(
                                        Graph(
                                            "REVIEWS",
                                        ),
                                    ),
                                    requires: None,
                                    provides: None,
                                    type: None,
                                    external: None,
                                    override: None,
                                    used_overridden: None,
                                },
                            ],
                        },
                        FieldDefinition {
                            name: "trustworthiness",
                            args: [],
                            of_type: Named {
                                name: "Trustworthiness",
                                required: true,
                            },
                            directives: [
                                Directive {
                                    name: "join__field",
                                    arguments: Object {
                                        "graph": String("REVIEWS"),
                                        "requires": String("joinedTimestamp"),
                                    },
                                },
                            ],
                            description: None,
                            join_fields: [
                                JoinField {
                                    graph: Some(
                                        Graph(
                                            "REVIEWS",
                                        ),
                                    ),
                                    requires: Some(
                                        "joinedTimestamp",
                                    ),
                                    provides: None,
                                    type: None,
                                    external: None,
                                    override: None,
                                    used_overridden: None,
                                },
                            ],
                        },
                    ],
                    description: None,
                    implements: {},
                    join_types: [
                        JoinType {
                            graph: Graph(
                                "ACCOUNTS",
                            ),
                            key: Some(
                                "id",
                            ),
                            extension: true,
                            resolvable: true,
                            is_interface_object: true,
                        },
                        JoinType {
                            graph: Graph(
                                "REVIEWS",
                            ),
                            key: Some(
                                "id",
                            ),
                            extension: true,
                            resolvable: true,
                            is_interface_object: true,
                        },
                    ],
                    join_implements: [],
                },
            ),
            {
                "id": Field(
                    (
                        FieldDefinition {
                            name: "id",
                            args: [],
                            of_type: Named {
                                name: "ID",
                                required: true,
                            },
                            directives: [],
                            description: None,
                            join_fields: [],
                        },
                        {},
                    ),
                ),
                "username": Field(
                    (
                        FieldDefinition {
                            name: "username",
                            args: [],
                            of_type: Named {
                                name: "String",
                                required: true,
                            },
                            directives: [
                                Directive {
                                    name: "join__field",
                                    arguments: Object {
                                        "graph": String("ACCOUNTS"),
                                    },
                                },
                            ],
                            description: None,
                            join_fields: [
                                JoinField {
                                    graph: Some(
                                        Graph(
                                            "ACCOUNTS",
                                        ),
                                    ),
                                    requires: None,
                                    provides: None,
                                    type: None,
                                    external: None,
                                    override: None,
                                    used_overridden: None,
                                },
                            ],
                        },
                        {},
                    ),
                ),
                "profilePicture": Field(
                    (
                        FieldDefinition {
                            name: "profilePicture",
                            args: [],
                            of_type: Named {
                                name: "Picture",
                                required: false,
                            },
                            directives: [
                                Directive {
                                    name: "join__field",
                                    arguments: Object {
                                        "graph": String("ACCOUNTS"),
                                    },
                                },
                            ],
                            description: None,
                            join_fields: [
                                JoinField {
                                    graph: Some(
                                        Graph(
                                            "ACCOUNTS",
                                        ),
                                    ),
                                    requires: None,
                                    provides: None,
                                    type: None,
                                    external: None,
                                    override: None,
                                    used_overridden: None,
                                },
                            ],
                        },
                        {},
                    ),
                ),
                "reviewCount": Field(
                    (
                        FieldDefinition {
                            name: "reviewCount",
                            args: [],
                            of_type: Named {
                                name: "Int",
                                required: true,
                            },
                            directives: [
                                Directive {
                                    name: "join__field",
                                    arguments: Object {
                                        "graph": String("REVIEWS"),
                                        "override": String("accounts"),
                                    },
                                },
                            ],
                            description: Some(
                                "This used to be part of this subgraph, but is now being overridden from\n`reviews`",
                            ),
                            join_fields: [
                                JoinField {
                                    graph: Some(
                                        Graph(
                                            "REVIEWS",
                                        ),
                                    ),
                                    requires: None,
                                    provides: None,
                                    type: None,
                                    external: None,
                                    override: Some(
                                        "accounts",
                                    ),
                                    used_overridden: None,
                                },
                            ],
                        },
                        {},
                    ),
                ),
                "joinedTimestamp": Field(
                    (
                        FieldDefinition {
                            name: "joinedTimestamp",
                            args: [],
                            of_type: Named {
                                name: "Int",
                                required: true,
                            },
                            directives: [
                                Directive {
                                    name: "join__field",
                                    arguments: Object {
                                        "graph": String("ACCOUNTS"),
                                    },
                                },
                                Directive {
                                    name: "join__field",
                                    arguments: Object {
                                        "external": Bool(true),
                                        "graph": String("REVIEWS"),
                                    },
                                },
                            ],
                            description: None,
                            join_fields: [
                                JoinField {
                                    graph: Some(
                                        Graph(
                                            "ACCOUNTS",
                                        ),
                                    ),
                                    requires: None,
                                    provides: None,
                                    type: None,
                                    external: None,
                                    override: None,
                                    used_overridden: None,
                                },
                                JoinField {
                                    graph: Some(
                                        Graph(
                                            "REVIEWS",
                                        ),
                                    ),
                                    requires: None,
                                    provides: None,
                                    type: None,
                                    external: Some(
                                        true,
                                    ),
                                    override: None,
                                    used_overridden: None,
                                },
                            ],
                        },
                        {},
                    ),
                ),
                "reviews": Field(
                    (
                        FieldDefinition {
                            name: "reviews",
                            args: [],
                            of_type: List {
                                of_type: Named {
                                    name: "Review",
                                    required: true,
                                },
                                non_null: true,
                            },
                            directives: [
                                Directive {
                                    name: "join__field",
                                    arguments: Object {
                                        "graph": String("REVIEWS"),
                                    },
                                },
                            ],
                            description: None,
                            join_fields: [
                                JoinField {
                                    graph: Some(
                                        Graph(
                                            "REVIEWS",
                                        ),
                                    ),
                                    requires: None,
                                    provides: None,
                                    type: None,
                                    external: None,
                                    override: None,
                                    used_overridden: None,
                                },
                            ],
                        },
                        {},
                    ),
                ),
                "trustworthiness": Field(
                    (
                        FieldDefinition {
                            name: "trustworthiness",
                            args: [],
                            of_type: Named {
                                name: "Trustworthiness",
                                required: true,
                            },
                            directives: [
                                Directive {
                                    name: "join__field",
                                    arguments: Object {
                                        "graph": String("REVIEWS"),
                                        "requires": String("joinedTimestamp"),
                                    },
                                },
                            ],
                            description: None,
                            join_fields: [
                                JoinField {
                                    graph: Some(
                                        Graph(
                                            "REVIEWS",
                                        ),
                                    ),
                                    requires: Some(
                                        "joinedTimestamp",
                                    ),
                                    provides: None,
                                    type: None,
                                    external: None,
                                    override: None,
                                    used_overridden: None,
                                },
                            ],
                        },
                        {},
                    ),
                ),
            },
        ),
        "join__FieldSet": (
            Scalar(
                ScalarTypeDefinition {
                    name: "join__FieldSet",
                    directives: [],
                    description: None,
                    join_types: [],
                },
            ),
            {},
        ),
        "join__Graph": (
            Enum(
                EnumTypeDefinition {
                    name: "join__Graph",
                    directives: [],
                    description: None,
                    enum_values: [
                        EnumValueDefinition {
                            description: None,
                            name: "ACCOUNTS",
                            directives: [
                                Directive {
                                    name: "join__graph",
                                    arguments: Object {
                                        "name": String("accounts"),
                                        "url": String("http://localhost:4001"),
                                    },
                                },
                            ],
                            join_enums: [],
                        },
                        EnumValueDefinition {
                            description: None,
                            name: "PRODUCTS",
                            directives: [
                                Directive {
                                    name: "join__graph",
                                    arguments: Object {
                                        "name": String("products"),
                                        "url": String("http://localhost:4002"),
                                    },
                                },
                            ],
                            join_enums: [],
                        },
                        EnumValueDefinition {
                            description: None,
                            name: "REVIEWS",
                            directives: [
                                Directive {
                                    name: "join__graph",
                                    arguments: Object {
                                        "name": String("reviews"),
                                        "url": String("http://localhost:4003"),
                                    },
                                },
                            ],
                            join_enums: [],
                        },
                    ],
                    join_types: [],
                },
            ),
            {},
        ),
        "link__Import": (
            Scalar(
                ScalarTypeDefinition {
                    name: "link__Import",
                    directives: [],
                    description: None,
                    join_types: [],
                },
            ),
            {},
        ),
        "link__Purpose": (
            Enum(
                EnumTypeDefinition {
                    name: "link__Purpose",
                    directives: [],
                    description: None,
                    enum_values: [
                        EnumValueDefinition {
                            description: Some(
                                "`SECURITY` features provide metadata necessary to securely resolve fields.",
                            ),
                            name: "SECURITY",
                            directives: [],
                            join_enums: [],
                        },
                        EnumValueDefinition {
                            description: Some(
                                "`EXECUTION` features provide metadata necessary for operation execution.",
                            ),
                            name: "EXECUTION",
                            directives: [],
                            join_enums: [],
                        },
                    ],
                    join_types: [],
                },
            ),
            {},
        ),
    },
    schema: SchemaDefinition {
        query: Some(
            "Query",
        ),
        mutation: None,
        subscription: None,
        directives: [
            Directive {
                name: "link",
                arguments: Object {
                    "url": String("https://specs.apollo.dev/link/v1.0"),
                },
            },
            Directive {
                name: "link",
                arguments: Object {
                    "for": String("EXECUTION"),
                    "url": String("https://specs.apollo.dev/join/v0.3"),
                },
            },
            Directive {
                name: "link",
                arguments: Object {
                    "for": String("SECURITY"),
                    "import": Array [
                        String("@inaccessible"),
                    ],
                    "url": String("https://specs.apollo.dev/inaccessible/v0.2"),
                },
            },
        ],
    },
}
