---
source: workspace/query_plan/src/transform/enrich.rs
expression: enriched_selection_set
---
Parallel(
    [
        Fetch(
            Fetch {
                name: None,
                arguments: [],
                variables: [],
                directives: [],
                selection_set: SelectionSet(
                    [
                        Field {
                            name: "topProducts",
                            alias: None,
                            selections: SelectionSet(
                                [
                                    Field {
                                        name: "name",
                                        alias: Some(
                                            "productName",
                                        ),
                                        selections: SelectionSet(
                                            [],
                                        ),
                                        arguments: [],
                                        directives: [],
                                        is_hidden: false,
                                        graph: [],
                                        join_field: [
                                            JoinFieldParsed {
                                                graph: Some(
                                                    Graph(
                                                        "PRODUCTS",
                                                    ),
                                                ),
                                                requires: None,
                                                provides: None,
                                                type: None,
                                                external: None,
                                                override: None,
                                                used_overridden: None,
                                            },
                                        ],
                                        field_type: Some(
                                            TypeName(
                                                "String",
                                            ),
                                        ),
                                        parent_type: Some(
                                            TypeName(
                                                "Product",
                                            ),
                                        ),
                                    },
                                    Field {
                                        name: "reviews",
                                        alias: None,
                                        selections: SelectionSet(
                                            [
                                                Field {
                                                    name: "body",
                                                    alias: None,
                                                    selections: SelectionSet(
                                                        [],
                                                    ),
                                                    arguments: [],
                                                    directives: [],
                                                    is_hidden: false,
                                                    graph: [
                                                        Graph(
                                                            "REVIEWS",
                                                        ),
                                                    ],
                                                    join_field: [],
                                                    field_type: Some(
                                                        TypeName(
                                                            "String",
                                                        ),
                                                    ),
                                                    parent_type: Some(
                                                        TypeName(
                                                            "Review",
                                                        ),
                                                    ),
                                                },
                                            ],
                                        ),
                                        arguments: [],
                                        directives: [],
                                        is_hidden: false,
                                        graph: [],
                                        join_field: [
                                            JoinFieldParsed {
                                                graph: Some(
                                                    Graph(
                                                        "REVIEWS",
                                                    ),
                                                ),
                                                requires: None,
                                                provides: None,
                                                type: None,
                                                external: None,
                                                override: None,
                                                used_overridden: None,
                                            },
                                        ],
                                        field_type: Some(
                                            TypeName(
                                                "Review",
                                            ),
                                        ),
                                        parent_type: Some(
                                            TypeName(
                                                "Product",
                                            ),
                                        ),
                                    },
                                    Field {
                                        name: "reviews",
                                        alias: None,
                                        selections: SelectionSet(
                                            [
                                                Field {
                                                    name: "id",
                                                    alias: None,
                                                    selections: SelectionSet(
                                                        [],
                                                    ),
                                                    arguments: [],
                                                    directives: [],
                                                    is_hidden: false,
                                                    graph: [
                                                        Graph(
                                                            "REVIEWS",
                                                        ),
                                                    ],
                                                    join_field: [],
                                                    field_type: Some(
                                                        TypeName(
                                                            "ID",
                                                        ),
                                                    ),
                                                    parent_type: Some(
                                                        TypeName(
                                                            "Review",
                                                        ),
                                                    ),
                                                },
                                            ],
                                        ),
                                        arguments: [],
                                        directives: [],
                                        is_hidden: false,
                                        graph: [],
                                        join_field: [
                                            JoinFieldParsed {
                                                graph: Some(
                                                    Graph(
                                                        "REVIEWS",
                                                    ),
                                                ),
                                                requires: None,
                                                provides: None,
                                                type: None,
                                                external: None,
                                                override: None,
                                                used_overridden: None,
                                            },
                                        ],
                                        field_type: Some(
                                            TypeName(
                                                "Review",
                                            ),
                                        ),
                                        parent_type: Some(
                                            TypeName(
                                                "Product",
                                            ),
                                        ),
                                    },
                                ],
                            ),
                            arguments: [],
                            directives: [],
                            is_hidden: false,
                            graph: [],
                            join_field: [
                                JoinFieldParsed {
                                    graph: Some(
                                        Graph(
                                            "PRODUCTS",
                                        ),
                                    ),
                                    requires: None,
                                    provides: None,
                                    type: None,
                                    external: None,
                                    override: None,
                                    used_overridden: None,
                                },
                            ],
                            field_type: Some(
                                TypeName(
                                    "Product",
                                ),
                            ),
                            parent_type: Some(
                                TypeName(
                                    "Query",
                                ),
                            ),
                        },
                    ],
                ),
                representations: None,
                type_name: TypeName(
                    "query",
                ),
                service: None,
            },
        ),
    ],
)
